C251 COMPILER V5.60.0,  main                                                               15/07/22  21:20:11  PAGE 1   


C251 COMPILER V5.60.0, COMPILATION OF MODULE main
OBJECT MODULE PLACED IN .\Out_File\main.obj
COMPILER INVOKED BY: D:\Keil_v5\C251\BIN\C251.EXE ..\USER\src\main.c XSMALL INTR2 WARNINGLEVEL(3) BROWSE INCDIR(..\..\Li
                    -braries\libraries;..\..\Libraries\seekfree_libraries;..\..\Libraries\seekfree_peripheral;..\CODE;..\USER\inc;..\USER\src
                    -;.\Out_File) DEBUG PRINT(.\Out_File\main.lst) TABS(2) OBJECT(.\Out_File\main.obj) 

stmt  level    source

    1          #include "headfile.h"
    2          
    3          #define LED P52
    4          #define CHAO P47
    5          
    6          
    7          uint8 str[40];
    8          int main(void)
    9          {
   10   1          DisableGlobalIRQ();
   11   1        
   12   1          board_init();   //务必保留，本函数用于初始化MPU 时钟 调试串口
   13   1        
   14   1          lcd_init_simspi();//初始化TFT屏
   15   1          
   16   1          pit_timer_ms(TIM_4,5);//初始化定时器1 50ms 
   17   1          pit_timer_ms(TIM_2,6);//初始化定时器1 50ms 
   18   1      
   19   1          //icm20602_init_simspi();//ICM20602初始化 
   20   1        
   21   1          pwm_init(PWMB_CH1_P74,50,Servo_Middle);//初始化舵机  
   22   1        
   23   1          pwm_init(PWMA_CH2P_P62,10000,0);//初始化左电机
   24   1          pwm_init(PWMA_CH1P_P60,10000,0);//初始化右电机
   25   1          
   26   1          adc_init(ADC_P00,ADC_SYSclk_DIV_2); //ADC初始化
   27   1          adc_init(ADC_P01,ADC_SYSclk_DIV_2);
   28   1          adc_init(ADC_P05,ADC_SYSclk_DIV_2);
   29   1          adc_init(ADC_P06,ADC_SYSclk_DIV_2);
   30   1          adc_init(ADC_P13,ADC_SYSclk_DIV_2);
   31   1          adc_init(ADC_P14,ADC_SYSclk_DIV_2);
   32   1          adc_init(ADC_P15,ADC_SYSclk_DIV_2);
   33   1          adc_init(ADC_P10,ADC_SYSclk_DIV_2);
   34   1          adc_init(ADC_P11,ADC_SYSclk_DIV_2);
   35   1          adc_init(ADC_P02,ADC_SYSclk_DIV_2);
   36   1          adc_init(ADC_P03,ADC_SYSclk_DIV_2);
   37   1          
   38   1          ctimer_count_init(CTIM0_P34);//编码器1初始化
   39   1          ctimer_count_init(CTIM3_P04);//编码器2初始化
   40   1          
   41   1          Position = Normal;
   42   1          
   43   1          wireless_type = WIRELESS_CH9141;
   44   1          //如果不接RTS引脚，则RTS引脚默认为高电平，这里需要将其设置为低电平。
   45   1          
   46   1          BLUETOOTH_CH9141_RTS_PIN = 0;
   47   1          
   48   1          //初始化串口
   49   1          //uart_init (BLUETOOTH_CH9141_UART, BLUETOOTH_CH9141_UART_RX, BLUETOOTH_CH9141_UART_TX, BLUETOOTH_CH9
             -141_UART_BAUD, BLUETOOTH_CH9141_TIMER_N);  //初始化串口   
   50   1          
   51   1          gpio_mode(P32,GPIO);
   52   1          gpio_mode(P33,GPIO);
   53   1          
   54   1          //uart_init(UART_3, UART3_RX_P50, UART3_TX_P51, 115200, TIM_2);  //超声波配置
   55   1          
   56   1          ADV_Init();
C251 COMPILER V5.60.0,  main                                                               15/07/22  21:20:11  PAGE 2   

   57   1          
   58   1          delay_ms(300);  //延时300ms，等待主板其他外设上电成功
   59   1          while(1)
   60   1          {
   61   2            TFTLCD_show();
   62   2      //      if(res == 'G')
   63   2      //      {
   64   2      //        Star_handle();
   65   2      //      }
   66   2            if(flag_star ==1 )break;
   67   2      
   68   2          }
   69   1          //if(init==0)  gyroOffset_init();
   70   1          EnableGlobalIRQ();
   71   1          while(1)
   72   1          {
   73   2            
   74   2      //       Turn_control(); 
   75   2             show_dirve();
   76   2      //       CHAO= 1;
   77   2      //       if(dis_flag)
   78   2      //       {
   79   2      //          
   80   2      //          dis_flag=0;
   81   2      //       }
   82   2      //       lcd_showuint16_simspi(0,0,time_5ms);
   83   2      //       delay_ms(100);
   84   2          }
   85   1      }


Module Information          Static   Overlayable
------------------------------------------------
  code size            =       264     ------
  ecode size           =    ------     ------
  data size            =    ------     ------
  idata size           =    ------     ------
  pdata size           =    ------     ------
  xdata size           =    ------     ------
  xdata-const size     =    ------     ------
  edata size           =        40     ------
  bit size             =    ------     ------
  ebit size            =    ------     ------
  bitaddressable size  =    ------     ------
  ebitaddressable size =    ------     ------
  far data size        =    ------     ------
  huge data size       =    ------     ------
  const size           =    ------     ------
  hconst size          =    ------     ------
End of Module Information.


C251 COMPILATION COMPLETE.  0 WARNING(S),  0 ERROR(S)
