C251 COMPILER V5.60.0,  LQ_GPIO_LED                                                        21/12/21  22:07:37  PAGE 1   


C251 COMPILER V5.60.0, COMPILATION OF MODULE LQ_GPIO_LED
OBJECT MODULE PLACED IN .\Objects\LQ_GPIO_LED.obj
COMPILER INVOKED BY: D:\Keil_v5\C251\BIN\C251.EXE user\LQ_GPIO_LED.c LARGE INTR2 BROWSE INCDIR(.\user;.\user\Dianci) DEB
                    -UG PRINT(.\Listings\LQ_GPIO_LED.lst) TABS(2) OBJECT(.\Objects\LQ_GPIO_LED.obj) 

stmt  level    source

    1          /*LLLLLLLLLLLLLLLLLLLLLLLLLLLLLLLLLLLLLLLLLLLLLLLLLLLLLLLLLLLLLL
    2          【平    台】北京龙邱智能科技STC16核心板
    3          【编    写】chiusir
    4          【E-mail  】chiusir@163.com
    5          【软件版本】V1.1 版权所有，单位使用请先联系授权
    6          【最后更新】2021年1月23日
    7          【相关信息参考下列地址】
    8          【网    站】http://www.lqist.cn
    9          【淘宝店铺】http://longqiu.taobao.com
   10          ------------------------------------------------
   11          【IDE】STC16
   12          【Target 】 C251Keil5.6及以上
   13          【SYS PLL】 30MHz使用内部晶振
   14          =================================================================
   15          STC16相关配套视频：
   16          龙邱科技B站网址：https://space.bilibili.com/95313236
   17          STC16环境下载参考视频： https://www.bilibili.com/video/BV1gy4y1p7T1/
   18          STC16一体板子介绍视频： https://www.bilibili.com/video/BV1Jy4y1e7R4/
   19          =================================================================
   20          下载时, 选择时钟 30MHZ (用户可自行修改频率).
   21          STC16F初次下载:先用IRCBND=0，ISP界面设置为24M，
   22          然后IRCBND=0，下载频率为30M；
   23          或者IRCBND=1，下载频率为30M；好用为准
   24          QQQQQQQQQQQQQQQQQQQQQQQQQQQQQQQQQQQQQQQQQQQQQQQQQQQQQQQQQQQQQQQ*/
   25          
   26          #include "include.h"
   27          
   28          /*LLLLLLLLLLLLLLLLLLLLLLLLLLLLLLLLLLLLLLLLLLLLLLLLLLLLLLLLLLLLLL
   29          【函数名】void LED_Init(void)
   30          【功  能】GPIO初始化函数 LED灯所用
   31          【参数值】无
   32          【返回值】无 
   33          【最后更新】2021年1月22日 
   34          【软件版本】V1.0
   35          QQQQQQQQQQQQQQQQQQQQQQQQQQQQQQQQQQQQQQQQQQQQQQQQQQQQQQQQQQQQQQQ*/
   36          void GPIO_LED_Init(void)
   37          {
   38   1        P2M1 &= 0xFE;
   39   1        P2M1 |= 0x00;
   40   1        P2M0 &= 0xFE;
   41   1        P2M0 |= 0x01;   //设置为推挽输出
   42   1      }
   43          /*LLLLLLLLLLLLLLLLLLLLLLLLLLLLLLLLLLLLLLLLLLLLLLLLLLLLLLLLLLLLLL
   44          【函数名】void LED_Ctrl(LEDn_e LEDno, LEDs_e sta)
   45          【功  能】LED控制
   46          【参数值】LEDn_e LEDno编号,LEDs_e sta状态亮/灭/翻转
   47          【返回值】无 
   48          【最后更新】2021年1月22日 
   49          【软件版本】V1.0
   50          QQQQQQQQQQQQQQQQQQQQQQQQQQQQQQQQQQQQQQQQQQQQQQQQQQQQQQQQQQQQQQQ*/
   51          void LED_Ctrl(LEDn_e LEDno, LEDs_e sta)
   52          {
   53   1        switch(LEDno)
   54   1        {
   55   2        case LED0:
   56   2          if(sta==ON)        LED0p=0;
   57   2          else if(sta==OFF)  LED0p=1;
   58   2          else if(sta==RVS) (LED0p)?(LED0p=0):(LED0p=1);
C251 COMPILER V5.60.0,  LQ_GPIO_LED                                                        21/12/21  22:07:37  PAGE 2   

   59   2          break;
   60   2          
   61   2        case LED1:
   62   2          if(sta==ON)        LED1p=0;
   63   2          else if(sta==OFF)  LED1p=1;
   64   2          else if(sta==RVS) (LED1p)?(LED1p=0):(LED1p=1);
   65   2          break;
   66   2          
   67   2        case LED2:
   68   2          if(sta==ON)        LED2p=0;
   69   2          else if(sta==OFF)  LED2p=1;
   70   2          else if(sta==RVS) (LED2p)?(LED2p=0):(LED2p=1);
   71   2          break;
   72   2          
   73   2        case LED3:
   74   2          if(sta==ON)        LED3p=0;
   75   2          else if(sta==OFF)  LED3p=1;
   76   2          else if(sta==RVS) (LED3p)?(LED3p=0):(LED3p=1);
   77   2          break;
   78   2        case LEDALL:
   79   2          if(sta==ON)
   80   2          {
   81   3            LED0p=0;
   82   3            LED1p=0;
   83   3            LED2p=0;
   84   3            LED3p=0;
   85   3          }
   86   2          else if(sta==OFF)
   87   2          {
   88   3            LED0p=1;
   89   3            LED1p=1;
   90   3            LED2p=1;
   91   3            LED3p=1;
   92   3          }
   93   2          else if(sta==RVS)
   94   2          {
   95   3            (LED0p)?(LED0p=0):(LED0p=1);
   96   3            (LED1p)?(LED1p=0):(LED1p=1);
   97   3            (LED2p)?(LED2p=0):(LED2p=1);
   98   3            (LED3p)?(LED3p=0):(LED3p=1);
   99   3          }
  100   2          break;
  101   2        default : break;
  102   2        }
  103   1      }
  104          /*LLLLLLLLLLLLLLLLLLLLLLLLLLLLLLLLLLLLLLLLLLLLLLLLLLLLLLLLLLLLLL
  105          【函数名】
  106          【功  能】LED闪烁
  107          【参数值】闪烁频率 
  108          【返回值】无 
  109          【最后更新】2021年1月22日 
  110          【软件版本】V1.0
  111          QQQQQQQQQQQQQQQQQQQQQQQQQQQQQQQQQQQQQQQQQQQQQQQQQQQQQQQQQQQQQQQ*/
  112          void Led_Flash(u16 time)
  113          {
  114   1        static int temp;
  115   1        if(0==time) LED2p=0;
  116   1        else if(++temp>time)  LED2p=~LED2p,temp=0;
  117   1      }
  118          /*LLLLLLLLLLLLLLLLLLLLLLLLLLLLLLLLLLLLLLLLLLLLLLLLLLLLLLLLLLLLLL
  119          【函数名】void Test_GPIO_LED(void)
  120          【功  能】核心板上的LED灯闪烁--四个LED同时闪烁
  121          【参数值】无
  122          【返回值】无 
  123          【最后更新】2021年1月22日 
  124          【软件版本】V1.0
C251 COMPILER V5.60.0,  LQ_GPIO_LED                                                        21/12/21  22:07:37  PAGE 3   

  125          QQQQQQQQQQQQQQQQQQQQQQQQQQQQQQQQQQQQQQQQQQQQQQQQQQQQQQQQQQQQQQQ*/
  126          void Test_GPIO_LED(void)
  127          {
  128   1        GPIO_LED_Init();
  129   1        while(1)
  130   1        {
  131   2          LED_Ctrl(LEDALL,RVS);        // LED同时闪烁
  132   2          delayms(200);                // 延时等待
  133   2        }
  134   1      }


Module Information          Static   Overlayable
------------------------------------------------
  code size            =       296     ------
  ecode size           =    ------     ------
  data size            =    ------     ------
  idata size           =    ------     ------
  pdata size           =    ------     ------
  xdata size           =         2     ------
  xdata-const size     =    ------     ------
  edata size           =    ------     ------
  bit size             =    ------     ------
  ebit size            =    ------     ------
  bitaddressable size  =    ------     ------
  ebitaddressable size =    ------     ------
  far data size        =    ------     ------
  huge data size       =    ------     ------
  const size           =    ------     ------
  hconst size          =    ------     ------
End of Module Information.


C251 COMPILATION COMPLETE.  0 WARNING(S),  0 ERROR(S)
